2025/04/04 22:12:07 DFAST pipeline started. (version 1.3.6)
2025/04/04 22:12:07 Results will be generated into 'dfast_output'.
2025/04/04 22:12:07 Loading a genomic fasta file from spadesout/scaffolds.fasta
2025/04/04 22:12:07 Genome source information: organism=, strain=
2025/04/04 22:12:08 The query genome is treated as a draft genome with 72 sequences.
2025/04/04 22:12:08 Sequences are sorted by length (from longer to shorter).
2025/04/04 22:12:08 Sequences shorter than 200 will be eliminated.
2025/04/04 22:12:08 Sequences will be renamed as sequence01, sequence02...
2025/04/04 22:12:08 Locus_tag settings: locus_tag_prefix=LOCUS and step=10.
2025/04/04 22:12:08 Locus_tags are assigned separately to each feature type. e.g. CDS: LOCUS_000xx, rRNA: LOCUS_r000xx, tRNA: LOCUS_t000xx, tmRNA: LOCUS_tm000xx.
2025/04/04 22:12:08 Remove_Partial_Feature is enabled.
2025/04/04 22:12:08 Remove_Overlapping_Feature is enabled. Priority: ['assembly_gap', 'CRISPR', ('tmRNA', 'tRNA', 'rRNA'), 'CDS']
2025/04/04 22:12:08 Initializing structural annotation tools... 
2025/04/04 22:12:08 GAPannotator initialized. (Version 1.0)
2025/04/04 22:12:08 Setting GAPannotator options. {'len_cutoff': 5, 'linkage_evidence': 'paired-ends', 'gap_type': 'within scaffold'}
2025/04/04 22:12:08 Checking MetaGeneAnnotator... 
2025/04/04 22:12:08 MetaGeneAnnotator initialized. (Version 2008/08/19)
2025/04/04 22:12:08 Setting MetaGeneAnnotator options. {'cmd_options': '-s', 'transl_table': 11}
2025/04/04 22:12:08 Checking Aragorn version... 
2025/04/04 22:12:08 Aragorn initialized. (Version 1.2.41)
2025/04/04 22:12:08 Setting Aragorn options. {'gcode': '-gcbact', 'cmd_options': '-l', 'transl_table': 11}
2025/04/04 22:12:08 Checking Barrnap version... 
2025/04/04 22:12:08 Barrnap initialized. (Version 0.9)
2025/04/04 22:12:08 Checking CRT version... 
2025/04/04 22:12:08 CRT initialized. (Version 1.2)
2025/04/04 22:12:08 Setting CRT options. {'jar_file': '/root/miniconda3/envs/genomeanalysis/opt/dfast-1.3.6/bin/common/CRT1.2-CLI.jar', 'java_options': '', 'cmd_options': ''}
2025/04/04 22:12:08 Checking Java version... 
2025/04/04 22:12:08 Java initialized. (Version 23.0.2-internal)
2025/04/04 22:12:09 Initializing contig annotation tools... 
2025/04/04 22:12:09 Initializing annotation components... 
2025/04/04 22:12:09 DBsearch initialized.
2025/04/04 22:12:09 Setting DBsearch options. {'skipAnnotatedFeatures': True, 'evalue_cutoff': 1e-06, 'qcov_cutoff': 75, 'scov_cutoff': 75, 'pident_cutoff': 0, 'aligner': 'ghostx', 'aligner_options': {}, 'database': '/root/miniconda3/envs/genomeanalysis/opt/dfast-1.3.6/db/protein/DFAST-default.ref', 'db_name': ''}
2025/04/04 22:12:09 Checking GHOSTX version... 
2025/04/04 22:12:09 GHOSTX initialized. (Version 1.3.6)
2025/04/04 22:12:09 Reference DB loaded. 381721 sequences. [version=1.2.1, dbname=DFAST-default, contributor=yt,ddbj, modified=20240214]
2025/04/04 22:12:09 PseudoGeneDetection initialized.
2025/04/04 22:12:09 Setting PseudoGeneDetection options. {'cpu': 1, 'skipAnnotatedFeatures': False, 'extension': 300, 'scov_cutoff': 85, 'transl_table': 11}
2025/04/04 22:12:09 Checking lastdb version... 
2025/04/04 22:12:09 lastdb initialized. (Version 959)
2025/04/04 22:12:09 Setting lastdb options. {'cpu': 1, 'skipAnnotatedFeatures': False, 'extension': 300, 'scov_cutoff': 85, 'transl_table': 11}
2025/04/04 22:12:09 Checking lastal version... 
2025/04/04 22:12:09 lastal initialized. (Version 959)
2025/04/04 22:12:09 Setting lastal options. {'cpu': 1, 'skipAnnotatedFeatures': False, 'extension': 300, 'scov_cutoff': 85, 'transl_table': 11}
2025/04/04 22:12:09 Checking Blastp version... 
2025/04/04 22:12:09 Blastp initialized. (Version 2.16.0)
2025/04/04 22:12:09 HMMscan initialized.
2025/04/04 22:12:09 Setting HMMscan options. {'skipAnnotatedFeatures': True, 'evalue_cutoff': 1e-06, 'database': '/root/miniconda3/envs/genomeanalysis/opt/dfast-1.3.6/db/hmm/TIGRFAMs_15.0_HMM.LIB', 'db_name': 'TIGR', 'cmd_options': ''}
2025/04/04 22:12:09 Checking hmmscan version... 
2025/04/04 22:12:09 hmmscan initialized. (Version 3.4)
2025/04/04 22:12:09 Setting hmmscan options. {'skipAnnotatedFeatures': True, 'evalue_cutoff': 1e-06, 'database': '/root/miniconda3/envs/genomeanalysis/opt/dfast-1.3.6/db/hmm/TIGRFAMs_15.0_HMM.LIB', 'db_name': 'TIGR', 'cmd_options': ''}
2025/04/04 22:12:09 CDDsearch initialized.
2025/04/04 22:12:09 Setting CDDsearch options. {'skipAnnotatedFeatures': False, 'evalue_cutoff': 1e-06, 'database': '/root/miniconda3/envs/genomeanalysis/opt/dfast-1.3.6/db/cdd/Cog', 'rpsbproc_data': '/root/miniconda3/envs/genomeanalysis/opt/dfast-1.3.6/bin/common/rpsbproc_data'}
2025/04/04 22:12:09 Checking RPSblast version... 
2025/04/04 22:12:09 RPSblast initialized. (Version 2.16.0)
2025/04/04 22:12:09 Setting RPSblast options. {'skipAnnotatedFeatures': False, 'evalue_cutoff': 1e-06, 'database': '/root/miniconda3/envs/genomeanalysis/opt/dfast-1.3.6/db/cdd/Cog', 'rpsbproc_data': '/root/miniconda3/envs/genomeanalysis/opt/dfast-1.3.6/bin/common/rpsbproc_data'}
2025/04/04 22:12:09 Checking rpsbproc version... 
2025/04/04 22:12:09 rpsbproc initialized. (Version 0.11)
2025/04/04 22:12:09 Setting rpsbproc options. {'skipAnnotatedFeatures': False, 'evalue_cutoff': 1e-06, 'database': '/root/miniconda3/envs/genomeanalysis/opt/dfast-1.3.6/db/cdd/Cog', 'rpsbproc_data': '/root/miniconda3/envs/genomeanalysis/opt/dfast-1.3.6/bin/common/rpsbproc_data'}
2025/04/04 22:12:09 Start structural annotation process using 4 CPUs
2025/04/04 22:12:18 4 assembly_gap features were detected by GAPannotator.
2025/04/04 22:12:19 5099 CDS features were detected by MetaGeneAnnotator.
2025/04/04 22:12:19 60 tRNA features were detected by Aragorn.
2025/04/04 22:12:19 4 rRNA features were detected by Barrnap.
2025/04/04 22:12:19 0 CRISPR (later will be replaced by repeat_region) features were detected by CRT.
2025/04/04 22:12:20 Removed 12 overlapping features.
2025/04/04 22:12:20 Start executing functional annotation components.
2025/04/04 22:12:20 DBsearch will be performed using 4 CPUs.
2025/04/04 22:13:18 DBsearch done 4/4.
2025/04/04 22:13:20 DBsearch done 2/4.
2025/04/04 22:13:22 DBsearch done 3/4.
2025/04/04 22:13:22 DBsearch done 1/4.
2025/04/04 22:13:32 Last format DB will be performed using 1 CPUs.
2025/04/04 22:13:32 Last format DB done 1/1.
2025/04/04 22:13:32 Last alignment will be performed using 1 CPUs.
2025/04/04 22:13:34 Last alignment done 1/1.
2025/04/04 22:13:34 47 CDS features were marked as possible pseudo due to internal stop codons.
2025/04/04 22:13:34 61 CDS features were marked as possible pseudo due to frameshift.
2025/04/04 22:13:34 HMMscan will be performed using 4 CPUs.
2025/04/04 22:13:52 HMMscan done 3/4.
2025/04/04 22:13:52 HMMscan done 4/4.
2025/04/04 22:13:52 HMMscan done 1/4.
2025/04/04 22:13:52 HMMscan done 2/4.
2025/04/04 22:13:52 Collecting HMMscan results.
2025/04/04 22:13:52 RPSblast will be performed using 4 CPUs.
2025/04/04 22:15:33 RPSblast done 2/4.
2025/04/04 22:15:33 RPSblast done 3/4.
2025/04/04 22:15:34 RPSblast done 1/4.
2025/04/04 22:15:34 RPSblast done 4/4.
2025/04/04 22:15:34 rpsbproc will be performed using 4 CPUs.
2025/04/04 22:15:37 rpsbproc done 2/4.
2025/04/04 22:15:37 rpsbproc done 3/4.
2025/04/04 22:15:37 rpsbproc done 4/4.
2025/04/04 22:15:37 rpsbproc done 1/4.
2025/04/04 22:15:38 Start contig annotation process using 4 CPUs
2025/04/04 22:15:38 Partial CDS predicted at sequence07:[200913:>203692](-) will be annotated as misc_feature
2025/04/04 22:15:38 Partial CDS predicted at sequence15:[65332:>67157](-) will be annotated as misc_feature
2025/04/04 22:15:38 Partial CDS predicted at sequence22:[<0:990](+) will be annotated as misc_feature
2025/04/04 22:15:38 Partial CDS predicted at sequence24:[2776:>3640](-) will be annotated as misc_feature
2025/04/04 22:15:38 Partial CDS predicted at sequence26:[1456:>2197](-) will be annotated as misc_feature
2025/04/04 22:15:38 Partial CDS predicted at sequence31:[0:>1053](-) will be annotated as misc_feature
2025/04/04 22:15:38 Removed 49 partial features.
2025/04/04 22:15:38 Assigning locus_tags to CDS, rRNA, tRNA, tmRNA
2025/04/04 22:15:42 Setting output verbosity level to 3.
2025/04/04 22:15:43 Writing a genome fasta file to dfast_output/genome.fna
2025/04/04 22:15:43 Writing a CDS fasta file to dfast_output/cds.fna
2025/04/04 22:15:43 Writing a protein fasta file to dfast_output/protein.faa
2025/04/04 22:15:43 Writing an RNA fasta file to dfast_output/rna.fna
2025/04/04 22:15:43 Writing a GFF file to dfast_output/genome.gff
2025/04/04 22:15:43 Writing a GenBank format file to dfast_output/genome.gbk
2025/04/04 22:15:44 Writing an EMBL format file to dfast_output/genome.embl
2025/04/04 22:15:46 Writing a DDBJ annotation file to dfast_output/ddbj/mss.ann
2025/04/04 22:15:46 Writing a DDBJ sequence file to dfast_output/ddbj/mss.fasta
2025/04/04 22:15:47 [Experimental] DFAST Record JSON will not be generated. Please install dr_tools and use Python>=3.10.
2025/04/04 22:15:47 DFAST pipeline completed!
2025/04/04 22:15:47 Total running time: 0h3m40s
