2025/04/09 23:12:19 DFAST pipeline started. (version 1.3.6)
2025/04/09 23:12:19 Results will be generated into 'dfast_output'.
2025/04/09 23:12:19 Loading a genomic fasta file from spadesout/scaffolds.fasta
2025/04/09 23:12:19 Genome source information: organism=, strain=
2025/04/09 23:12:19 The query genome is treated as a draft genome with 128 sequences.
2025/04/09 23:12:19 Sequences are sorted by length (from longer to shorter).
2025/04/09 23:12:19 Sequences shorter than 200 will be eliminated.
2025/04/09 23:12:19 Sequences will be renamed as sequence01, sequence02...
2025/04/09 23:12:19 Locus_tag settings: locus_tag_prefix=LOCUS and step=10.
2025/04/09 23:12:19 Locus_tags are assigned separately to each feature type. e.g. CDS: LOCUS_000xx, rRNA: LOCUS_r000xx, tRNA: LOCUS_t000xx, tmRNA: LOCUS_tm000xx.
2025/04/09 23:12:19 Remove_Partial_Feature is enabled.
2025/04/09 23:12:19 Remove_Overlapping_Feature is enabled. Priority: ['assembly_gap', 'CRISPR', ('tmRNA', 'tRNA', 'rRNA'), 'CDS']
2025/04/09 23:12:19 Initializing structural annotation tools... 
2025/04/09 23:12:19 GAPannotator initialized. (Version 1.0)
2025/04/09 23:12:19 Setting GAPannotator options. {'len_cutoff': 5, 'linkage_evidence': 'paired-ends', 'gap_type': 'within scaffold'}
2025/04/09 23:12:19 Checking MetaGeneAnnotator... 
2025/04/09 23:12:19 MetaGeneAnnotator initialized. (Version 2008/08/19)
2025/04/09 23:12:19 Setting MetaGeneAnnotator options. {'cmd_options': '-s', 'transl_table': 11}
2025/04/09 23:12:19 Checking Aragorn version... 
2025/04/09 23:12:19 Aragorn initialized. (Version 1.2.41)
2025/04/09 23:12:19 Setting Aragorn options. {'gcode': '-gcbact', 'cmd_options': '-l', 'transl_table': 11}
2025/04/09 23:12:19 Checking Barrnap version... 
2025/04/09 23:12:19 Barrnap initialized. (Version 0.9)
2025/04/09 23:12:19 Checking CRT version... 
2025/04/09 23:12:19 CRT initialized. (Version 1.2)
2025/04/09 23:12:19 Setting CRT options. {'jar_file': '/root/miniconda3/envs/genomeanalysis/opt/dfast-1.3.6/bin/common/CRT1.2-CLI.jar', 'java_options': '', 'cmd_options': ''}
2025/04/09 23:12:19 Checking Java version... 
2025/04/09 23:12:19 Java initialized. (Version 23.0.2-internal)
2025/04/09 23:12:20 Initializing contig annotation tools... 
2025/04/09 23:12:20 Initializing annotation components... 
2025/04/09 23:12:20 DBsearch initialized.
2025/04/09 23:12:20 Setting DBsearch options. {'skipAnnotatedFeatures': True, 'evalue_cutoff': 1e-06, 'qcov_cutoff': 75, 'scov_cutoff': 75, 'pident_cutoff': 0, 'aligner': 'ghostx', 'aligner_options': {}, 'database': '/root/miniconda3/envs/genomeanalysis/opt/dfast-1.3.6/db/protein/DFAST-default.ref', 'db_name': ''}
2025/04/09 23:12:20 Checking GHOSTX version... 
2025/04/09 23:12:20 GHOSTX initialized. (Version 1.3.6)
2025/04/09 23:12:21 Reference DB loaded. 381721 sequences. [version=1.2.1, dbname=DFAST-default, contributor=yt,ddbj, modified=20240214]
2025/04/09 23:12:21 PseudoGeneDetection initialized.
2025/04/09 23:12:21 Setting PseudoGeneDetection options. {'cpu': 1, 'skipAnnotatedFeatures': False, 'extension': 300, 'scov_cutoff': 85, 'transl_table': 11}
2025/04/09 23:12:21 Checking lastdb version... 
2025/04/09 23:12:21 lastdb initialized. (Version 959)
2025/04/09 23:12:21 Setting lastdb options. {'cpu': 1, 'skipAnnotatedFeatures': False, 'extension': 300, 'scov_cutoff': 85, 'transl_table': 11}
2025/04/09 23:12:21 Checking lastal version... 
2025/04/09 23:12:21 lastal initialized. (Version 959)
2025/04/09 23:12:21 Setting lastal options. {'cpu': 1, 'skipAnnotatedFeatures': False, 'extension': 300, 'scov_cutoff': 85, 'transl_table': 11}
2025/04/09 23:12:21 Checking Blastp version... 
2025/04/09 23:12:21 Blastp initialized. (Version 2.16.0)
2025/04/09 23:12:21 HMMscan initialized.
2025/04/09 23:12:21 Setting HMMscan options. {'skipAnnotatedFeatures': True, 'evalue_cutoff': 1e-06, 'database': '/root/miniconda3/envs/genomeanalysis/opt/dfast-1.3.6/db/hmm/TIGRFAMs_15.0_HMM.LIB', 'db_name': 'TIGR', 'cmd_options': ''}
2025/04/09 23:12:21 Checking hmmscan version... 
2025/04/09 23:12:21 hmmscan initialized. (Version 3.4)
2025/04/09 23:12:21 Setting hmmscan options. {'skipAnnotatedFeatures': True, 'evalue_cutoff': 1e-06, 'database': '/root/miniconda3/envs/genomeanalysis/opt/dfast-1.3.6/db/hmm/TIGRFAMs_15.0_HMM.LIB', 'db_name': 'TIGR', 'cmd_options': ''}
2025/04/09 23:12:21 CDDsearch initialized.
2025/04/09 23:12:21 Setting CDDsearch options. {'skipAnnotatedFeatures': False, 'evalue_cutoff': 1e-06, 'database': '/root/miniconda3/envs/genomeanalysis/opt/dfast-1.3.6/db/cdd/Cog', 'rpsbproc_data': '/root/miniconda3/envs/genomeanalysis/opt/dfast-1.3.6/bin/common/rpsbproc_data'}
2025/04/09 23:12:21 Checking RPSblast version... 
2025/04/09 23:12:21 RPSblast initialized. (Version 2.16.0)
2025/04/09 23:12:21 Setting RPSblast options. {'skipAnnotatedFeatures': False, 'evalue_cutoff': 1e-06, 'database': '/root/miniconda3/envs/genomeanalysis/opt/dfast-1.3.6/db/cdd/Cog', 'rpsbproc_data': '/root/miniconda3/envs/genomeanalysis/opt/dfast-1.3.6/bin/common/rpsbproc_data'}
2025/04/09 23:12:21 Checking rpsbproc version... 
2025/04/09 23:12:21 rpsbproc initialized. (Version 0.11)
2025/04/09 23:12:21 Setting rpsbproc options. {'skipAnnotatedFeatures': False, 'evalue_cutoff': 1e-06, 'database': '/root/miniconda3/envs/genomeanalysis/opt/dfast-1.3.6/db/cdd/Cog', 'rpsbproc_data': '/root/miniconda3/envs/genomeanalysis/opt/dfast-1.3.6/bin/common/rpsbproc_data'}
2025/04/09 23:12:21 Start structural annotation process using 4 CPUs
2025/04/09 23:12:27 4 assembly_gap features were detected by GAPannotator.
2025/04/09 23:12:27 5118 CDS features were detected by MetaGeneAnnotator.
2025/04/09 23:12:27 60 tRNA features were detected by Aragorn.
2025/04/09 23:12:27 4 rRNA features were detected by Barrnap.
2025/04/09 23:12:27 0 CRISPR (later will be replaced by repeat_region) features were detected by CRT.
2025/04/09 23:12:28 Removed 13 overlapping features.
2025/04/09 23:12:28 Start executing functional annotation components.
2025/04/09 23:12:28 DBsearch will be performed using 4 CPUs.
2025/04/09 23:13:25 DBsearch done 4/4.
2025/04/09 23:13:26 DBsearch done 3/4.
2025/04/09 23:13:28 DBsearch done 2/4.
2025/04/09 23:13:30 DBsearch done 1/4.
2025/04/09 23:13:36 Last format DB will be performed using 1 CPUs.
2025/04/09 23:13:36 Last format DB done 1/1.
2025/04/09 23:13:36 Last alignment will be performed using 1 CPUs.
2025/04/09 23:13:37 Last alignment done 1/1.
2025/04/09 23:13:37 50 CDS features were marked as possible pseudo due to internal stop codons.
2025/04/09 23:13:37 61 CDS features were marked as possible pseudo due to frameshift.
2025/04/09 23:13:37 HMMscan will be performed using 4 CPUs.
2025/04/09 23:13:55 HMMscan done 3/4.
2025/04/09 23:13:55 HMMscan done 4/4.
2025/04/09 23:13:55 HMMscan done 1/4.
2025/04/09 23:13:55 HMMscan done 2/4.
2025/04/09 23:13:55 Collecting HMMscan results.
2025/04/09 23:13:56 RPSblast will be performed using 4 CPUs.
2025/04/09 23:15:23 RPSblast done 4/4.
2025/04/09 23:15:25 RPSblast done 3/4.
2025/04/09 23:15:25 RPSblast done 2/4.
2025/04/09 23:15:27 RPSblast done 1/4.
2025/04/09 23:15:27 rpsbproc will be performed using 4 CPUs.
2025/04/09 23:15:29 rpsbproc done 4/4.
2025/04/09 23:15:29 rpsbproc done 2/4.
2025/04/09 23:15:29 rpsbproc done 3/4.
2025/04/09 23:15:29 rpsbproc done 1/4.
2025/04/09 23:15:29 Start contig annotation process using 4 CPUs
2025/04/09 23:15:29 Partial CDS predicted at sequence08:[<0:2779](+) will be annotated as misc_feature
2025/04/09 23:15:29 Partial CDS predicted at sequence15:[65275:>67100](-) will be annotated as misc_feature
2025/04/09 23:15:29 Partial CDS predicted at sequence17:[<0:1333](+) will be annotated as misc_feature
2025/04/09 23:15:29 Partial CDS predicted at sequence21:[5367:>6357](-) will be annotated as misc_feature
2025/04/09 23:15:29 Partial CDS predicted at sequence23:[3540:>4404](-) will be annotated as misc_feature
2025/04/09 23:15:29 Removed 57 partial features.
2025/04/09 23:15:29 Assigning locus_tags to CDS, rRNA, tRNA, tmRNA
2025/04/09 23:15:33 Setting output verbosity level to 3.
2025/04/09 23:15:33 Writing a genome fasta file to dfast_output/genome.fna
2025/04/09 23:15:33 Writing a CDS fasta file to dfast_output/cds.fna
2025/04/09 23:15:33 Writing a protein fasta file to dfast_output/protein.faa
2025/04/09 23:15:33 Writing an RNA fasta file to dfast_output/rna.fna
2025/04/09 23:15:33 Writing a GFF file to dfast_output/genome.gff
2025/04/09 23:15:34 Writing a GenBank format file to dfast_output/genome.gbk
2025/04/09 23:15:34 Writing an EMBL format file to dfast_output/genome.embl
2025/04/09 23:15:35 Writing a DDBJ annotation file to dfast_output/ddbj/mss.ann
2025/04/09 23:15:35 Writing a DDBJ sequence file to dfast_output/ddbj/mss.fasta
2025/04/09 23:15:36 [Experimental] DFAST Record JSON will not be generated. Please install dr_tools and use Python>=3.10.
2025/04/09 23:15:36 DFAST pipeline completed!
2025/04/09 23:15:36 Total running time: 0h3m17s
