/root/miniconda3/envs/genomeanalysis/bin/quast.py abyssout/assembly-scaffolds.fa -o quastabyss

Version: 5.3.0

System information:
  OS: Linux-5.15.167.4-microsoft-standard-WSL2-x86_64-with-glibc2.39 (linux_64)
  Python version: 3.13.2
  CPUs number: 12

Started: 2025-04-04 22:08:16

Logging to /mnt/c/Users/chris/OneDrive/Desktop/Christina.txt/unzip_christina/Christina/quastabyss/quast.log
NOTICE: Maximum number of threads is set to 3 (use --threads option to set it manually)

CWD: /mnt/c/Users/chris/OneDrive/Desktop/Christina.txt/unzip_christina/Christina
Main parameters: 
  MODE: default, threads: 3, min contig length: 500, min alignment length: 65, min alignment IDY: 95.0, \
  ambiguity: one, min local misassembly length: 200, min extensive misassembly length: 1000

Contigs:
  Pre-processing...
  abyssout/assembly-scaffolds.fa ==> assembly-scaffolds

2025-04-04 22:08:18
Running Basic statistics processor...
  Contig files: 
    assembly-scaffolds
  Calculating N50 and L50...
    assembly-scaffolds, N50 = 749543, L50 = 3, auN = 1011970.8, Total length = 5584008, GC % = 57.85, # N's per 100 kbp =  7.16
  Drawing Nx plot...
    saved to /mnt/c/Users/chris/OneDrive/Desktop/Christina.txt/unzip_christina/Christina/quastabyss/basic_stats/Nx_plot.pdf
  Drawing cumulative plot...
    saved to /mnt/c/Users/chris/OneDrive/Desktop/Christina.txt/unzip_christina/Christina/quastabyss/basic_stats/cumulative_plot.pdf
  Drawing GC content plot...
    saved to /mnt/c/Users/chris/OneDrive/Desktop/Christina.txt/unzip_christina/Christina/quastabyss/basic_stats/GC_content_plot.pdf
  Drawing assembly-scaffolds GC content plot...
    saved to /mnt/c/Users/chris/OneDrive/Desktop/Christina.txt/unzip_christina/Christina/quastabyss/basic_stats/assembly-scaffolds_GC_content_plot.pdf
Done.

NOTICE: Genes are not predicted by default. Use --gene-finding or --glimmer option to enable it.

2025-04-04 22:08:22
Creating large visual summaries...
This may take a while: press Ctrl-C to skip this step..
  1 of 2: Creating PDF with all tables and plots...
  2 of 2: Creating Icarus viewers...
Done

2025-04-04 22:08:22
RESULTS:
  Text versions of total report are saved to /mnt/c/Users/chris/OneDrive/Desktop/Christina.txt/unzip_christina/Christina/quastabyss/report.txt, report.tsv, and report.tex
  Text versions of transposed total report are saved to /mnt/c/Users/chris/OneDrive/Desktop/Christina.txt/unzip_christina/Christina/quastabyss/transposed_report.txt, transposed_report.tsv, and transposed_report.tex
  HTML version (interactive tables and plots) is saved to /mnt/c/Users/chris/OneDrive/Desktop/Christina.txt/unzip_christina/Christina/quastabyss/report.html
  PDF version (tables and plots) is saved to /mnt/c/Users/chris/OneDrive/Desktop/Christina.txt/unzip_christina/Christina/quastabyss/report.pdf
  Icarus (contig browser) is saved to /mnt/c/Users/chris/OneDrive/Desktop/Christina.txt/unzip_christina/Christina/quastabyss/icarus.html
  Log is saved to /mnt/c/Users/chris/OneDrive/Desktop/Christina.txt/unzip_christina/Christina/quastabyss/quast.log

Finished: 2025-04-04 22:08:24
Elapsed time: 0:00:08.060844
NOTICEs: 2; WARNINGs: 1; non-fatal ERRORs: 0

Thank you for using QUAST!
